[2026-05-18T03:16:54] [INFO] Experiment ID: 20260518_031654
[2026-05-18T03:16:54] [INFO] Device: mps
[2026-05-18T03:16:54] [INFO] Config: ExperimentConfig(attack=AttackConfig(epsilon=0.03137254901960784, alpha=0.00784313725490196, iters=10), ensemble=EnsembleConfig(fgsm_weight=0.4, pgd_weight=0.3, bim_weight=0.3), reproducibility=ReproducibilityConfig(seed=42, deterministic=False, benchmark=True), batch_size=128, num_epochs=10, learning_rate=0.001, num_workers=None, pin_memory=None, data_dir='./data', prefer_cuda=False, device_warmup=True, device_warmup_iters=3, verbose=True, log_dir='outputs/logs')
[2026-05-18T03:16:54] [INFO] Loading CIFAR-10 with batch_size=128
[2026-05-18T03:16:56] [INFO] Train batches: 391, Test batches: 79
[2026-05-18T03:16:56] [INFO] Model: ResNet18 with 11,181,642 parameters
[2026-05-18T03:16:56] [INFO] Optimizer: Adam (lr=0.001)
[2026-05-18T03:17:05] [INFO] Batch 0: loss=2.5738, acc=0.0547
[2026-05-18T03:17:07] [INFO] Batch 10: loss=2.1597, acc=0.2734
[2026-05-18T03:17:08] [INFO] Batch 20: loss=1.9031, acc=0.2734
[2026-05-18T03:17:10] [INFO] Batch 30: loss=1.9008, acc=0.2969
[2026-05-18T03:17:11] [INFO] Batch 40: loss=1.7670, acc=0.3125
[2026-05-18T03:17:12] [INFO] Batch 50: loss=1.7064, acc=0.4062
[2026-05-18T03:17:14] [INFO] Batch 60: loss=1.6290, acc=0.4297
[2026-05-18T03:17:15] [INFO] Batch 70: loss=1.7171, acc=0.4688
[2026-05-18T03:17:17] [INFO] Batch 80: loss=1.7627, acc=0.3828
[2026-05-18T03:17:18] [INFO] Batch 90: loss=1.5939, acc=0.3984
[2026-05-18T03:17:20] [INFO] Batch 100: loss=1.4898, acc=0.5000
[2026-05-18T03:17:21] [INFO] Batch 110: loss=1.7073, acc=0.3516
[2026-05-18T03:17:23] [INFO] Batch 120: loss=1.6589, acc=0.4453
[2026-05-18T03:17:24] [INFO] Batch 130: loss=1.4650, acc=0.5000
[2026-05-18T03:17:26] [INFO] Batch 140: loss=1.6287, acc=0.4141
[2026-05-18T03:17:27] [INFO] Batch 150: loss=1.6569, acc=0.4141
[2026-05-18T03:17:29] [INFO] Batch 160: loss=1.3906, acc=0.4375
[2026-05-18T03:17:30] [INFO] Batch 170: loss=1.4559, acc=0.3984
[2026-05-18T03:17:32] [INFO] Batch 180: loss=1.6032, acc=0.4453
[2026-05-18T03:17:34] [INFO] Batch 190: loss=1.3975, acc=0.4766
[2026-05-18T03:17:36] [INFO] Batch 200: loss=1.4664, acc=0.4531
[2026-05-18T03:17:37] [INFO] Batch 210: loss=1.4196, acc=0.4531
[2026-05-18T03:17:39] [INFO] Batch 220: loss=1.3262, acc=0.4922
[2026-05-18T03:17:40] [INFO] Batch 230: loss=1.5970, acc=0.4297
[2026-05-18T03:17:42] [INFO] Batch 240: loss=1.5261, acc=0.4922
[2026-05-18T03:17:43] [INFO] Batch 250: loss=1.4631, acc=0.4453
[2026-05-18T03:17:45] [INFO] Batch 260: loss=1.5305, acc=0.4844
[2026-05-18T03:17:46] [INFO] Batch 270: loss=1.4486, acc=0.4688
[2026-05-18T03:17:48] [INFO] Batch 280: loss=1.3903, acc=0.4922
[2026-05-18T03:17:49] [INFO] Batch 290: loss=1.3421, acc=0.5078
[2026-05-18T03:17:51] [INFO] Batch 300: loss=1.3761, acc=0.5078
[2026-05-18T03:17:52] [INFO] Batch 310: loss=1.2652, acc=0.5781
[2026-05-18T03:17:54] [INFO] Batch 320: loss=1.2441, acc=0.5547
[2026-05-18T03:17:55] [INFO] Batch 330: loss=1.4667, acc=0.4141
[2026-05-18T03:17:57] [INFO] Batch 340: loss=1.3790, acc=0.5078
[2026-05-18T03:17:58] [INFO] Batch 350: loss=1.5403, acc=0.4609
[2026-05-18T03:18:01] [INFO] Batch 360: loss=1.4484, acc=0.5234
[2026-05-18T03:18:02] [INFO] Batch 370: loss=1.4368, acc=0.4609
[2026-05-18T03:18:04] [INFO] Batch 380: loss=1.2714, acc=0.5547
[2026-05-18T03:18:05] [INFO] Batch 390: loss=1.3491, acc=0.4625
[2026-05-18T03:18:17] [INFO] Epoch 01 | Loss=1.5429 | TrainAcc=0.4375 | TestAcc=0.5463
[2026-05-18T03:18:17] [INFO] Batch 0: loss=1.3992, acc=0.5078
[2026-05-18T03:18:19] [INFO] Batch 10: loss=1.4056, acc=0.5469
[2026-05-18T03:18:21] [INFO] Batch 20: loss=1.2478, acc=0.5156
[2026-05-18T03:18:22] [INFO] Batch 30: loss=1.3226, acc=0.5234
[2026-05-18T03:18:24] [INFO] Batch 40: loss=1.3273, acc=0.5078
[2026-05-18T03:18:26] [INFO] Batch 50: loss=1.2315, acc=0.6016
[2026-05-18T03:18:27] [INFO] Batch 60: loss=1.4225, acc=0.4922
[2026-05-18T03:18:29] [INFO] Batch 70: loss=1.3513, acc=0.4844
[2026-05-18T03:18:31] [INFO] Batch 80: loss=1.2556, acc=0.5234
[2026-05-18T03:18:32] [INFO] Batch 90: loss=1.2781, acc=0.5156
[2026-05-18T03:18:34] [INFO] Batch 100: loss=1.2424, acc=0.5703
[2026-05-18T03:18:35] [INFO] Batch 110: loss=1.2733, acc=0.5703
[2026-05-18T03:18:37] [INFO] Batch 120: loss=1.2469, acc=0.5234
[2026-05-18T03:18:39] [INFO] Batch 130: loss=1.1390, acc=0.6016
[2026-05-18T03:18:40] [INFO] Batch 140: loss=1.1815, acc=0.5781
[2026-05-18T03:18:42] [INFO] Batch 150: loss=1.1492, acc=0.5781
[2026-05-18T03:18:43] [INFO] Batch 160: loss=1.2456, acc=0.6016
[2026-05-18T03:18:45] [INFO] Batch 170: loss=1.4066, acc=0.5000
[2026-05-18T03:18:47] [INFO] Batch 180: loss=1.2108, acc=0.6016
[2026-05-18T03:18:49] [INFO] Batch 190: loss=1.1936, acc=0.5625
[2026-05-18T03:18:50] [INFO] Batch 200: loss=1.3577, acc=0.5234
[2026-05-18T03:18:52] [INFO] Batch 210: loss=1.2958, acc=0.5391
[2026-05-18T03:18:53] [INFO] Batch 220: loss=1.2527, acc=0.5547
[2026-05-18T03:18:55] [INFO] Batch 230: loss=1.1899, acc=0.5234
[2026-05-18T03:18:57] [INFO] Batch 240: loss=1.2589, acc=0.5781
[2026-05-18T03:18:58] [INFO] Batch 250: loss=0.9634, acc=0.6328
[2026-05-18T03:19:00] [INFO] Batch 260: loss=1.0721, acc=0.6406
[2026-05-18T03:19:02] [INFO] Batch 270: loss=1.0886, acc=0.5938
[2026-05-18T03:19:03] [INFO] Batch 280: loss=1.1562, acc=0.5859
[2026-05-18T03:19:05] [INFO] Batch 290: loss=1.1100, acc=0.6250
[2026-05-18T03:19:06] [INFO] Batch 300: loss=1.0146, acc=0.6016
[2026-05-18T03:19:08] [INFO] Batch 310: loss=1.2258, acc=0.5469
[2026-05-18T03:19:10] [INFO] Batch 320: loss=1.0934, acc=0.6172
[2026-05-18T03:19:11] [INFO] Batch 330: loss=1.0668, acc=0.6797
[2026-05-18T03:19:13] [INFO] Batch 340: loss=1.0065, acc=0.5938
[2026-05-18T03:19:14] [INFO] Batch 350: loss=1.0278, acc=0.5781
[2026-05-18T03:19:16] [INFO] Batch 360: loss=1.0365, acc=0.6094
[2026-05-18T03:19:18] [INFO] Batch 370: loss=1.0587, acc=0.5859
[2026-05-18T03:19:19] [INFO] Batch 380: loss=1.0753, acc=0.5781
[2026-05-18T03:19:20] [INFO] Batch 390: loss=1.2873, acc=0.4875
[2026-05-18T03:19:24] [INFO] Epoch 02 | Loss=1.1810 | TrainAcc=0.5768 | TestAcc=0.5015
[2026-05-18T03:19:24] [INFO] Batch 0: loss=0.8901, acc=0.6797
[2026-05-18T03:19:26] [INFO] Batch 10: loss=1.1427, acc=0.5938
[2026-05-18T03:19:27] [INFO] Batch 20: loss=0.8233, acc=0.6797
[2026-05-18T03:19:29] [INFO] Batch 30: loss=0.9894, acc=0.6719
[2026-05-18T03:19:30] [INFO] Batch 40: loss=1.0405, acc=0.6484
[2026-05-18T03:19:31] [INFO] Batch 50: loss=1.0851, acc=0.6406
[2026-05-18T03:19:33] [INFO] Batch 60: loss=1.0347, acc=0.6172
[2026-05-18T03:19:34] [INFO] Batch 70: loss=1.0341, acc=0.6016
[2026-05-18T03:19:36] [INFO] Batch 80: loss=1.0575, acc=0.6406
[2026-05-18T03:19:37] [INFO] Batch 90: loss=1.1757, acc=0.6016
[2026-05-18T03:19:39] [INFO] Batch 100: loss=1.0165, acc=0.6406
[2026-05-18T03:19:40] [INFO] Batch 110: loss=0.8917, acc=0.6719
[2026-05-18T03:19:42] [INFO] Batch 120: loss=1.1043, acc=0.5938
[2026-05-18T03:19:43] [INFO] Batch 130: loss=1.0813, acc=0.6016
[2026-05-18T03:19:44] [INFO] Batch 140: loss=1.1475, acc=0.5938
[2026-05-18T03:19:46] [INFO] Batch 150: loss=0.9146, acc=0.6562
[2026-05-18T03:19:47] [INFO] Batch 160: loss=1.2226, acc=0.5547
[2026-05-18T03:19:49] [INFO] Batch 170: loss=1.1239, acc=0.5859
[2026-05-18T03:19:50] [INFO] Batch 180: loss=0.9005, acc=0.6797
[2026-05-18T03:19:52] [INFO] Batch 190: loss=0.9317, acc=0.6953
[2026-05-18T03:19:53] [INFO] Batch 200: loss=0.9647, acc=0.6641
[2026-05-18T03:19:54] [INFO] Batch 210: loss=0.9847, acc=0.6406
[2026-05-18T03:19:56] [INFO] Batch 220: loss=1.0015, acc=0.6562
[2026-05-18T03:19:57] [INFO] Batch 230: loss=1.0497, acc=0.6562
[2026-05-18T03:19:59] [INFO] Batch 240: loss=0.8333, acc=0.6953
[2026-05-18T03:20:00] [INFO] Batch 250: loss=1.2547, acc=0.5469
[2026-05-18T03:20:02] [INFO] Batch 260: loss=0.9668, acc=0.6250
[2026-05-18T03:20:03] [INFO] Batch 270: loss=1.0390, acc=0.6484
[2026-05-18T03:20:04] [INFO] Batch 280: loss=1.0648, acc=0.6328
[2026-05-18T03:20:06] [INFO] Batch 290: loss=0.9314, acc=0.6797
[2026-05-18T03:20:07] [INFO] Batch 300: loss=1.0541, acc=0.6250
[2026-05-18T03:20:09] [INFO] Batch 310: loss=0.8941, acc=0.6562
[2026-05-18T03:20:10] [INFO] Batch 320: loss=1.0047, acc=0.6953
[2026-05-18T03:20:12] [INFO] Batch 330: loss=1.0440, acc=0.6328
[2026-05-18T03:20:13] [INFO] Batch 340: loss=0.8966, acc=0.7031
[2026-05-18T03:20:14] [INFO] Batch 350: loss=0.9616, acc=0.6562
[2026-05-18T03:20:16] [INFO] Batch 360: loss=0.8581, acc=0.6797
[2026-05-18T03:20:17] [INFO] Batch 370: loss=1.0355, acc=0.6328
[2026-05-18T03:20:19] [INFO] Batch 380: loss=0.9849, acc=0.5938
[2026-05-18T03:20:20] [INFO] Batch 390: loss=0.9953, acc=0.6375
[2026-05-18T03:20:24] [INFO] Epoch 03 | Loss=1.0197 | TrainAcc=0.6376 | TestAcc=0.6658
[2026-05-18T03:20:24] [INFO] Batch 0: loss=0.9076, acc=0.7031
[2026-05-18T03:20:26] [INFO] Batch 10: loss=0.8950, acc=0.7109
[2026-05-18T03:20:27] [INFO] Batch 20: loss=0.7968, acc=0.7109
[2026-05-18T03:20:29] [INFO] Batch 30: loss=0.9687, acc=0.6562
[2026-05-18T03:20:31] [INFO] Batch 40: loss=0.8716, acc=0.6641
[2026-05-18T03:20:32] [INFO] Batch 50: loss=0.9358, acc=0.7031
[2026-05-18T03:20:34] [INFO] Batch 60: loss=0.9669, acc=0.6172
[2026-05-18T03:20:36] [INFO] Batch 70: loss=0.9201, acc=0.7109
[2026-05-18T03:20:37] [INFO] Batch 80: loss=0.9081, acc=0.6797
[2026-05-18T03:20:39] [INFO] Batch 90: loss=1.0191, acc=0.6562
[2026-05-18T03:20:40] [INFO] Batch 100: loss=0.8976, acc=0.6953
[2026-05-18T03:20:42] [INFO] Batch 110: loss=0.9514, acc=0.6094
[2026-05-18T03:20:43] [INFO] Batch 120: loss=0.8822, acc=0.6875
[2026-05-18T03:20:45] [INFO] Batch 130: loss=1.0700, acc=0.6406
[2026-05-18T03:20:46] [INFO] Batch 140: loss=0.7679, acc=0.7344
[2026-05-18T03:20:48] [INFO] Batch 150: loss=0.8994, acc=0.7344
[2026-05-18T03:20:49] [INFO] Batch 160: loss=0.8865, acc=0.6797
[2026-05-18T03:20:51] [INFO] Batch 170: loss=0.9849, acc=0.6484
[2026-05-18T03:20:52] [INFO] Batch 180: loss=0.8461, acc=0.7031
[2026-05-18T03:20:54] [INFO] Batch 190: loss=0.9705, acc=0.6875
[2026-05-18T03:20:56] [INFO] Batch 200: loss=1.0145, acc=0.6641
[2026-05-18T03:20:57] [INFO] Batch 210: loss=0.9334, acc=0.7109
[2026-05-18T03:20:59] [INFO] Batch 220: loss=0.7960, acc=0.7656
[2026-05-18T03:21:01] [INFO] Batch 230: loss=1.0982, acc=0.6484
[2026-05-18T03:21:02] [INFO] Batch 240: loss=0.7857, acc=0.7031
[2026-05-18T03:21:04] [INFO] Batch 250: loss=0.9838, acc=0.6328
[2026-05-18T03:21:06] [INFO] Batch 260: loss=0.8081, acc=0.6641
[2026-05-18T03:21:07] [INFO] Batch 270: loss=0.8687, acc=0.6875
[2026-05-18T03:21:09] [INFO] Batch 280: loss=0.7543, acc=0.7734
[2026-05-18T03:21:10] [INFO] Batch 290: loss=0.9010, acc=0.6641
[2026-05-18T03:21:12] [INFO] Batch 300: loss=0.8615, acc=0.6953
[2026-05-18T03:21:14] [INFO] Batch 310: loss=1.0049, acc=0.6250
[2026-05-18T03:21:15] [INFO] Batch 320: loss=0.9228, acc=0.6562
[2026-05-18T03:21:17] [INFO] Batch 330: loss=0.7911, acc=0.6875
[2026-05-18T03:21:18] [INFO] Batch 340: loss=0.9816, acc=0.6953
[2026-05-18T03:21:20] [INFO] Batch 350: loss=0.9084, acc=0.6953
[2026-05-18T03:21:21] [INFO] Batch 360: loss=1.0007, acc=0.6328
[2026-05-18T03:21:23] [INFO] Batch 370: loss=0.9663, acc=0.6797
[2026-05-18T03:21:24] [INFO] Batch 380: loss=0.9037, acc=0.6484
[2026-05-18T03:21:26] [INFO] Batch 390: loss=1.0667, acc=0.6250
[2026-05-18T03:21:30] [INFO] Epoch 04 | Loss=0.9239 | TrainAcc=0.6737 | TestAcc=0.5881
[2026-05-18T03:21:30] [INFO] Batch 0: loss=0.8713, acc=0.6641
[2026-05-18T03:21:32] [INFO] Batch 10: loss=0.7838, acc=0.7031
[2026-05-18T03:21:33] [INFO] Batch 20: loss=0.8821, acc=0.7109
[2026-05-18T03:21:35] [INFO] Batch 30: loss=0.8947, acc=0.6562
[2026-05-18T03:21:36] [INFO] Batch 40: loss=0.8108, acc=0.6797
[2026-05-18T03:21:38] [INFO] Batch 50: loss=0.8379, acc=0.6562
[2026-05-18T03:21:40] [INFO] Batch 60: loss=0.7863, acc=0.7031
[2026-05-18T03:21:42] [INFO] Batch 70: loss=1.0148, acc=0.6562
[2026-05-18T03:21:43] [INFO] Batch 80: loss=1.0400, acc=0.6250
[2026-05-18T03:21:44] [INFO] Batch 90: loss=0.7946, acc=0.7031
[2026-05-18T03:21:46] [INFO] Batch 100: loss=1.0149, acc=0.6719
[2026-05-18T03:21:47] [INFO] Batch 110: loss=0.8636, acc=0.7188
[2026-05-18T03:21:49] [INFO] Batch 120: loss=0.8350, acc=0.6797
[2026-05-18T03:21:51] [INFO] Batch 130: loss=0.9248, acc=0.7188
[2026-05-18T03:21:53] [INFO] Batch 140: loss=0.9833, acc=0.5859
[2026-05-18T03:21:54] [INFO] Batch 150: loss=0.8491, acc=0.7031
[2026-05-18T03:21:56] [INFO] Batch 160: loss=0.8826, acc=0.6875
[2026-05-18T03:21:57] [INFO] Batch 170: loss=0.8491, acc=0.6953
[2026-05-18T03:21:59] [INFO] Batch 180: loss=0.8975, acc=0.6797
[2026-05-18T03:22:01] [INFO] Batch 190: loss=0.7787, acc=0.7109
[2026-05-18T03:22:02] [INFO] Batch 200: loss=0.8192, acc=0.6562
[2026-05-18T03:22:04] [INFO] Batch 210: loss=0.7945, acc=0.7109
[2026-05-18T03:22:05] [INFO] Batch 220: loss=0.8542, acc=0.6719
[2026-05-18T03:22:07] [INFO] Batch 230: loss=1.0051, acc=0.6406
[2026-05-18T03:22:08] [INFO] Batch 240: loss=0.7309, acc=0.7578
[2026-05-18T03:22:10] [INFO] Batch 250: loss=0.8017, acc=0.7031
[2026-05-18T03:22:11] [INFO] Batch 260: loss=0.7956, acc=0.7344
[2026-05-18T03:22:13] [INFO] Batch 270: loss=0.8589, acc=0.6875
[2026-05-18T03:22:14] [INFO] Batch 280: loss=1.1266, acc=0.5938
[2026-05-18T03:22:16] [INFO] Batch 290: loss=0.9439, acc=0.6719
[2026-05-18T03:22:17] [INFO] Batch 300: loss=0.8957, acc=0.6719
[2026-05-18T03:22:19] [INFO] Batch 310: loss=0.9036, acc=0.6797
[2026-05-18T03:22:20] [INFO] Batch 320: loss=0.7375, acc=0.7422
[2026-05-18T03:22:21] [INFO] Batch 330: loss=0.9256, acc=0.6328
[2026-05-18T03:22:23] [INFO] Batch 340: loss=0.9764, acc=0.6250
[2026-05-18T03:22:24] [INFO] Batch 350: loss=0.8563, acc=0.6719
[2026-05-18T03:22:26] [INFO] Batch 360: loss=0.9563, acc=0.6250
[2026-05-18T03:22:27] [INFO] Batch 370: loss=0.7966, acc=0.6953
[2026-05-18T03:22:29] [INFO] Batch 380: loss=0.7570, acc=0.7500
[2026-05-18T03:22:30] [INFO] Batch 390: loss=0.7968, acc=0.7500
[2026-05-18T03:22:34] [INFO] Epoch 05 | Loss=0.8496 | TrainAcc=0.7001 | TestAcc=0.7170
[2026-05-18T03:22:34] [INFO] Batch 0: loss=0.8582, acc=0.7344
[2026-05-18T03:22:35] [INFO] Batch 10: loss=0.7248, acc=0.7188
[2026-05-18T03:22:37] [INFO] Batch 20: loss=0.8369, acc=0.6641
[2026-05-18T03:22:38] [INFO] Batch 30: loss=0.8820, acc=0.6641
[2026-05-18T03:22:40] [INFO] Batch 40: loss=0.7278, acc=0.7812
[2026-05-18T03:22:41] [INFO] Batch 50: loss=0.7277, acc=0.7109
[2026-05-18T03:22:43] [INFO] Batch 60: loss=0.8201, acc=0.7109
[2026-05-18T03:22:44] [INFO] Batch 70: loss=0.6489, acc=0.7812
[2026-05-18T03:22:46] [INFO] Batch 80: loss=0.8178, acc=0.7109
[2026-05-18T03:22:47] [INFO] Batch 90: loss=0.8955, acc=0.7031
[2026-05-18T03:22:48] [INFO] Batch 100: loss=0.6947, acc=0.7734
[2026-05-18T03:22:50] [INFO] Batch 110: loss=0.7770, acc=0.7109
[2026-05-18T03:22:51] [INFO] Batch 120: loss=0.8012, acc=0.7031
[2026-05-18T03:22:53] [INFO] Batch 130: loss=0.6637, acc=0.7734
[2026-05-18T03:22:54] [INFO] Batch 140: loss=0.7071, acc=0.7656
[2026-05-18T03:22:56] [INFO] Batch 150: loss=0.7547, acc=0.6875
[2026-05-18T03:22:57] [INFO] Batch 160: loss=0.7460, acc=0.7266
[2026-05-18T03:22:59] [INFO] Batch 170: loss=0.7786, acc=0.7500
[2026-05-18T03:23:00] [INFO] Batch 180: loss=0.6428, acc=0.7500
[2026-05-18T03:23:01] [INFO] Batch 190: loss=0.8177, acc=0.7188
[2026-05-18T03:23:03] [INFO] Batch 200: loss=0.6899, acc=0.7969
[2026-05-18T03:23:04] [INFO] Batch 210: loss=0.8717, acc=0.6641
[2026-05-18T03:23:06] [INFO] Batch 220: loss=0.6610, acc=0.7891
[2026-05-18T03:23:07] [INFO] Batch 230: loss=0.7321, acc=0.7031
[2026-05-18T03:23:09] [INFO] Batch 240: loss=0.9641, acc=0.7031
[2026-05-18T03:23:10] [INFO] Batch 250: loss=0.9175, acc=0.6484
[2026-05-18T03:23:11] [INFO] Batch 260: loss=0.7463, acc=0.7656
[2026-05-18T03:23:13] [INFO] Batch 270: loss=0.8407, acc=0.7031
[2026-05-18T03:23:14] [INFO] Batch 280: loss=0.7450, acc=0.7422
[2026-05-18T03:23:16] [INFO] Batch 290: loss=0.7556, acc=0.7656
[2026-05-18T03:23:17] [INFO] Batch 300: loss=0.6491, acc=0.7656
[2026-05-18T03:23:19] [INFO] Batch 310: loss=0.9345, acc=0.6719
[2026-05-18T03:23:20] [INFO] Batch 320: loss=0.8354, acc=0.6406
[2026-05-18T03:23:22] [INFO] Batch 330: loss=0.8460, acc=0.7109
[2026-05-18T03:23:23] [INFO] Batch 340: loss=0.6725, acc=0.7344
[2026-05-18T03:23:24] [INFO] Batch 350: loss=0.6782, acc=0.7891
[2026-05-18T03:23:26] [INFO] Batch 360: loss=0.7367, acc=0.7656
[2026-05-18T03:23:27] [INFO] Batch 370: loss=0.7058, acc=0.7344
[2026-05-18T03:23:30] [INFO] Batch 380: loss=0.6504, acc=0.7891
[2026-05-18T03:23:31] [INFO] Batch 390: loss=0.7157, acc=0.7375
[2026-05-18T03:23:35] [INFO] Epoch 06 | Loss=0.7950 | TrainAcc=0.7218 | TestAcc=0.7171
[2026-05-18T03:23:35] [INFO] Batch 0: loss=0.8295, acc=0.7422
[2026-05-18T03:23:38] [INFO] Batch 10: loss=0.9011, acc=0.6641
[2026-05-18T03:23:39] [INFO] Batch 20: loss=0.7147, acc=0.7188
[2026-05-18T03:23:40] [INFO] Batch 30: loss=0.8426, acc=0.7031
[2026-05-18T03:23:42] [INFO] Batch 40: loss=0.8190, acc=0.7266
[2026-05-18T03:23:43] [INFO] Batch 50: loss=0.6421, acc=0.7812
[2026-05-18T03:23:45] [INFO] Batch 60: loss=0.8191, acc=0.6719
[2026-05-18T03:23:47] [INFO] Batch 70: loss=0.6912, acc=0.7578
[2026-05-18T03:23:48] [INFO] Batch 80: loss=0.7866, acc=0.6797
[2026-05-18T03:23:50] [INFO] Batch 90: loss=0.7662, acc=0.7578
[2026-05-18T03:23:51] [INFO] Batch 100: loss=0.5864, acc=0.7734
[2026-05-18T03:23:53] [INFO] Batch 110: loss=0.7081, acc=0.7656
[2026-05-18T03:23:54] [INFO] Batch 120: loss=0.6659, acc=0.7891
[2026-05-18T03:23:56] [INFO] Batch 130: loss=0.7939, acc=0.7266
[2026-05-18T03:23:57] [INFO] Batch 140: loss=0.7628, acc=0.7656
[2026-05-18T03:23:58] [INFO] Batch 150: loss=0.7276, acc=0.7188
[2026-05-18T03:24:00] [INFO] Batch 160: loss=0.7718, acc=0.6875
[2026-05-18T03:24:01] [INFO] Batch 170: loss=0.8006, acc=0.7266
[2026-05-18T03:24:03] [INFO] Batch 180: loss=0.8247, acc=0.7031
[2026-05-18T03:24:04] [INFO] Batch 190: loss=0.6709, acc=0.7578
[2026-05-18T03:24:06] [INFO] Batch 200: loss=0.6857, acc=0.7734
[2026-05-18T03:24:07] [INFO] Batch 210: loss=0.6042, acc=0.8125
[2026-05-18T03:24:09] [INFO] Batch 220: loss=0.6637, acc=0.7656
[2026-05-18T03:24:10] [INFO] Batch 230: loss=0.6460, acc=0.7812
[2026-05-18T03:24:11] [INFO] Batch 240: loss=0.9092, acc=0.7188
[2026-05-18T03:24:13] [INFO] Batch 250: loss=0.7249, acc=0.7422
[2026-05-18T03:24:14] [INFO] Batch 260: loss=0.6974, acc=0.7422
[2026-05-18T03:24:16] [INFO] Batch 270: loss=0.6520, acc=0.7578
[2026-05-18T03:24:18] [INFO] Batch 280: loss=0.7785, acc=0.7266
[2026-05-18T03:24:20] [INFO] Batch 290: loss=0.5914, acc=0.7734
[2026-05-18T03:24:22] [INFO] Batch 300: loss=1.0086, acc=0.6875
[2026-05-18T03:24:24] [INFO] Batch 310: loss=0.6540, acc=0.7891
[2026-05-18T03:24:26] [INFO] Batch 320: loss=0.9135, acc=0.7188
[2026-05-18T03:24:27] [INFO] Batch 330: loss=0.7502, acc=0.7422
[2026-05-18T03:24:29] [INFO] Batch 340: loss=0.8162, acc=0.7266
[2026-05-18T03:24:30] [INFO] Batch 350: loss=0.9019, acc=0.7031
[2026-05-18T03:24:32] [INFO] Batch 360: loss=0.5046, acc=0.8203
[2026-05-18T03:24:34] [INFO] Batch 370: loss=0.9373, acc=0.6406
[2026-05-18T03:24:35] [INFO] Batch 380: loss=0.7223, acc=0.7578
[2026-05-18T03:24:37] [INFO] Batch 390: loss=0.6937, acc=0.8125
[2026-05-18T03:24:41] [INFO] Epoch 07 | Loss=0.7476 | TrainAcc=0.7376 | TestAcc=0.7158
[2026-05-18T03:24:41] [INFO] Batch 0: loss=0.5541, acc=0.8281
[2026-05-18T03:24:43] [INFO] Batch 10: loss=0.6328, acc=0.7734
[2026-05-18T03:24:44] [INFO] Batch 20: loss=0.6799, acc=0.7578
[2026-05-18T03:24:46] [INFO] Batch 30: loss=0.6775, acc=0.7266
[2026-05-18T03:24:48] [INFO] Batch 40: loss=0.8319, acc=0.7422
[2026-05-18T03:24:50] [INFO] Batch 50: loss=0.7442, acc=0.7109
[2026-05-18T03:24:51] [INFO] Batch 60: loss=0.7120, acc=0.7656
[2026-05-18T03:24:53] [INFO] Batch 70: loss=0.6131, acc=0.7969
[2026-05-18T03:24:54] [INFO] Batch 80: loss=0.7561, acc=0.7188
[2026-05-18T03:24:56] [INFO] Batch 90: loss=0.5847, acc=0.7969
[2026-05-18T03:24:58] [INFO] Batch 100: loss=0.7756, acc=0.7031
[2026-05-18T03:24:59] [INFO] Batch 110: loss=0.7739, acc=0.7031
[2026-05-18T03:25:01] [INFO] Batch 120: loss=0.7027, acc=0.7734
[2026-05-18T03:25:03] [INFO] Batch 130: loss=0.7850, acc=0.6953
[2026-05-18T03:25:04] [INFO] Batch 140: loss=0.8988, acc=0.7188
[2026-05-18T03:25:06] [INFO] Batch 150: loss=0.7828, acc=0.7188
[2026-05-18T03:25:07] [INFO] Batch 160: loss=0.7911, acc=0.7500
[2026-05-18T03:25:09] [INFO] Batch 170: loss=0.8584, acc=0.7188
[2026-05-18T03:25:11] [INFO] Batch 180: loss=0.6468, acc=0.7578
[2026-05-18T03:25:13] [INFO] Batch 190: loss=0.6329, acc=0.7578
[2026-05-18T03:25:14] [INFO] Batch 200: loss=0.5940, acc=0.8203
[2026-05-18T03:25:16] [INFO] Batch 210: loss=0.6898, acc=0.7500
[2026-05-18T03:25:17] [INFO] Batch 220: loss=0.6635, acc=0.8047
[2026-05-18T03:25:19] [INFO] Batch 230: loss=0.7843, acc=0.7188
[2026-05-18T03:25:21] [INFO] Batch 240: loss=0.8826, acc=0.7344
[2026-05-18T03:25:22] [INFO] Batch 250: loss=0.6728, acc=0.7578
[2026-05-18T03:25:24] [INFO] Batch 260: loss=0.6399, acc=0.7812
[2026-05-18T03:25:25] [INFO] Batch 270: loss=0.6651, acc=0.7266
[2026-05-18T03:25:27] [INFO] Batch 280: loss=0.6097, acc=0.7734
[2026-05-18T03:25:29] [INFO] Batch 290: loss=0.5382, acc=0.8203
[2026-05-18T03:25:31] [INFO] Batch 300: loss=0.4931, acc=0.8125
[2026-05-18T03:25:33] [INFO] Batch 310: loss=0.7408, acc=0.7500
[2026-05-18T03:25:35] [INFO] Batch 320: loss=0.6059, acc=0.7812
[2026-05-18T03:25:36] [INFO] Batch 330: loss=0.6722, acc=0.7656
[2026-05-18T03:25:38] [INFO] Batch 340: loss=0.7039, acc=0.7734
[2026-05-18T03:25:39] [INFO] Batch 350: loss=0.7262, acc=0.7578
[2026-05-18T03:25:41] [INFO] Batch 360: loss=0.8450, acc=0.6953
[2026-05-18T03:25:43] [INFO] Batch 370: loss=0.6531, acc=0.7656
[2026-05-18T03:25:45] [INFO] Batch 380: loss=0.6647, acc=0.7734
[2026-05-18T03:25:47] [INFO] Batch 390: loss=0.7392, acc=0.7125
[2026-05-18T03:25:52] [INFO] Epoch 08 | Loss=0.7111 | TrainAcc=0.7500 | TestAcc=0.7137
[2026-05-18T03:25:52] [INFO] Batch 0: loss=0.6749, acc=0.7734
[2026-05-18T03:25:55] [INFO] Batch 10: loss=0.4989, acc=0.8047
[2026-05-18T03:25:57] [INFO] Batch 20: loss=0.5558, acc=0.8281
[2026-05-18T03:26:00] [INFO] Batch 30: loss=0.9302, acc=0.6797
[2026-05-18T03:26:02] [INFO] Batch 40: loss=0.5961, acc=0.8125
[2026-05-18T03:26:04] [INFO] Batch 50: loss=0.6759, acc=0.7344
[2026-05-18T03:26:05] [INFO] Batch 60: loss=0.6146, acc=0.7969
[2026-05-18T03:26:08] [INFO] Batch 70: loss=0.6430, acc=0.7734
[2026-05-18T03:26:10] [INFO] Batch 80: loss=0.7613, acc=0.7109
[2026-05-18T03:26:12] [INFO] Batch 90: loss=0.7396, acc=0.7500
[2026-05-18T03:26:15] [INFO] Batch 100: loss=0.7734, acc=0.7812
[2026-05-18T03:26:17] [INFO] Batch 110: loss=0.8516, acc=0.7578
[2026-05-18T03:26:19] [INFO] Batch 120: loss=0.7234, acc=0.6953
[2026-05-18T03:26:20] [INFO] Batch 130: loss=0.8480, acc=0.7031
[2026-05-18T03:26:22] [INFO] Batch 140: loss=0.5831, acc=0.7500
[2026-05-18T03:26:24] [INFO] Batch 150: loss=0.6543, acc=0.7578
[2026-05-18T03:26:25] [INFO] Batch 160: loss=0.5759, acc=0.8125
[2026-05-18T03:26:27] [INFO] Batch 170: loss=0.8747, acc=0.6406
[2026-05-18T03:26:28] [INFO] Batch 180: loss=0.8364, acc=0.6797
[2026-05-18T03:26:30] [INFO] Batch 190: loss=0.6566, acc=0.7891
[2026-05-18T03:26:32] [INFO] Batch 200: loss=0.7648, acc=0.7344
[2026-05-18T03:26:33] [INFO] Batch 210: loss=0.5300, acc=0.8047
[2026-05-18T03:26:35] [INFO] Batch 220: loss=0.7601, acc=0.7031
[2026-05-18T03:26:37] [INFO] Batch 230: loss=0.6498, acc=0.7656
[2026-05-18T03:26:38] [INFO] Batch 240: loss=0.7488, acc=0.7266
[2026-05-18T03:26:40] [INFO] Batch 250: loss=0.6203, acc=0.7812
[2026-05-18T03:26:42] [INFO] Batch 260: loss=0.6805, acc=0.7266
[2026-05-18T03:26:43] [INFO] Batch 270: loss=0.7274, acc=0.7812
[2026-05-18T03:26:45] [INFO] Batch 280: loss=0.6020, acc=0.8125
[2026-05-18T03:26:46] [INFO] Batch 290: loss=0.5682, acc=0.7891
[2026-05-18T03:26:48] [INFO] Batch 300: loss=0.6261, acc=0.7656
[2026-05-18T03:26:50] [INFO] Batch 310: loss=0.6307, acc=0.7266
[2026-05-18T03:26:51] [INFO] Batch 320: loss=0.8091, acc=0.7266
[2026-05-18T03:26:53] [INFO] Batch 330: loss=0.5254, acc=0.8359
[2026-05-18T03:26:54] [INFO] Batch 340: loss=0.6967, acc=0.7656
[2026-05-18T03:26:56] [INFO] Batch 350: loss=0.6244, acc=0.8125
[2026-05-18T03:26:58] [INFO] Batch 360: loss=0.7183, acc=0.7578
[2026-05-18T03:27:00] [INFO] Batch 370: loss=0.5754, acc=0.7656
[2026-05-18T03:27:01] [INFO] Batch 380: loss=0.7588, acc=0.7578
[2026-05-18T03:27:03] [INFO] Batch 390: loss=0.7032, acc=0.7750
[2026-05-18T03:27:06] [INFO] Epoch 09 | Loss=0.6702 | TrainAcc=0.7636 | TestAcc=0.7273
[2026-05-18T03:27:07] [INFO] Batch 0: loss=0.5841, acc=0.8203
[2026-05-18T03:27:08] [INFO] Batch 10: loss=0.5325, acc=0.8203
[2026-05-18T03:27:10] [INFO] Batch 20: loss=0.6352, acc=0.7734
[2026-05-18T03:27:11] [INFO] Batch 30: loss=0.6238, acc=0.7812
[2026-05-18T03:27:13] [INFO] Batch 40: loss=0.5436, acc=0.7891
[2026-05-18T03:27:14] [INFO] Batch 50: loss=0.5802, acc=0.7969
[2026-05-18T03:27:16] [INFO] Batch 60: loss=0.8292, acc=0.7344
[2026-05-18T03:27:17] [INFO] Batch 70: loss=0.6588, acc=0.7656
[2026-05-18T03:27:19] [INFO] Batch 80: loss=0.6483, acc=0.7266
[2026-05-18T03:27:20] [INFO] Batch 90: loss=0.5291, acc=0.8125
[2026-05-18T03:27:22] [INFO] Batch 100: loss=0.6984, acc=0.7422
[2026-05-18T03:27:23] [INFO] Batch 110: loss=0.6151, acc=0.7812
[2026-05-18T03:27:25] [INFO] Batch 120: loss=0.7774, acc=0.6953
[2026-05-18T03:27:26] [INFO] Batch 130: loss=0.5507, acc=0.8203
[2026-05-18T03:27:28] [INFO] Batch 140: loss=0.5753, acc=0.7969
[2026-05-18T03:27:29] [INFO] Batch 150: loss=0.5678, acc=0.8047
[2026-05-18T03:27:31] [INFO] Batch 160: loss=0.5903, acc=0.7891
[2026-05-18T03:27:32] [INFO] Batch 170: loss=0.7775, acc=0.7109
[2026-05-18T03:27:34] [INFO] Batch 180: loss=0.7649, acc=0.7500
[2026-05-18T03:27:35] [INFO] Batch 190: loss=0.7157, acc=0.7500
[2026-05-18T03:27:37] [INFO] Batch 200: loss=0.6398, acc=0.7656
[2026-05-18T03:27:39] [INFO] Batch 210: loss=0.7089, acc=0.7500
[2026-05-18T03:27:40] [INFO] Batch 220: loss=0.5770, acc=0.7891
[2026-05-18T03:27:42] [INFO] Batch 230: loss=0.6193, acc=0.7969
[2026-05-18T03:27:44] [INFO] Batch 240: loss=0.6233, acc=0.7969
[2026-05-18T03:27:45] [INFO] Batch 250: loss=0.6302, acc=0.7422
[2026-05-18T03:27:47] [INFO] Batch 260: loss=0.6414, acc=0.7891
[2026-05-18T03:27:48] [INFO] Batch 270: loss=0.5909, acc=0.7578
[2026-05-18T03:27:50] [INFO] Batch 280: loss=0.6297, acc=0.7422
[2026-05-18T03:27:51] [INFO] Batch 290: loss=0.5813, acc=0.7656
[2026-05-18T03:27:53] [INFO] Batch 300: loss=0.5619, acc=0.7891
[2026-05-18T03:27:54] [INFO] Batch 310: loss=0.7438, acc=0.7188
[2026-05-18T03:27:56] [INFO] Batch 320: loss=0.6921, acc=0.7500
[2026-05-18T03:27:58] [INFO] Batch 330: loss=0.6313, acc=0.7578
[2026-05-18T03:27:59] [INFO] Batch 340: loss=0.7090, acc=0.7812
[2026-05-18T03:28:01] [INFO] Batch 350: loss=0.5853, acc=0.7734
[2026-05-18T03:28:02] [INFO] Batch 360: loss=0.6632, acc=0.7891
[2026-05-18T03:28:04] [INFO] Batch 370: loss=0.7327, acc=0.7500
[2026-05-18T03:28:05] [INFO] Batch 380: loss=0.6654, acc=0.7578
[2026-05-18T03:28:07] [INFO] Batch 390: loss=0.6051, acc=0.8125
[2026-05-18T03:28:11] [INFO] Epoch 10 | Loss=0.6438 | TrainAcc=0.7742 | TestAcc=0.7319
[2026-05-18T03:28:11] [INFO] Saved model to resnet18_cifar10.pt
